../Core/Src/main.c:72:9:readBtn1	8	static
../Core/Src/main.c:75:9:readBtn2	8	static
../Core/Src/main.c:78:6:HAL_TIM_PeriodElapsedCallback	16	static
../Core/Src/main.c:121:6:HAL_GPIO_EXTI_Callback	16	static
../Core/Src/main.c:131:5:main	8	static
../Core/Src/main.c:177:6:SystemClock_Config	72	static
../Core/Src/main.c:217:13:MX_TIM3_Init	32	static
../Core/Src/main.c:262:13:MX_TIM4_Init	32	static
../Core/Src/main.c:307:13:MX_USART1_UART_Init	8	static
../Core/Src/main.c:340:13:MX_GPIO_Init	40	static
../Core/Src/main.c:390:6:Error_Handler	4	static,ignoring_inline_asm
